// Jest Snapshot v1, https://goo.gl/fbAQLP

exports[`<Perching /> component test render unchanged from previous snapshot 1`] = `
<Perching>
  <BirdGrid>
    <Grid
      className="gridWrap"
      columns={2}
      doubling={true}
    >
      <div
        className="ui doubling two column grid gridWrap"
      />
    </Grid>
  </BirdGrid>
  <MainFooter>
    <Menu
      fixed="bottom"
      inverted={true}
      style={
        Object {
          "backgroundColor": "#F3A712",
        }
      }
    >
      <div
        className="ui inverted bottom fixed menu"
        style={
          Object {
            "backgroundColor": "#F3A712",
          }
        }
      >
        <Container
          className="footer"
        >
          <div
            className="ui container footer"
          >
            <MenuItem>
              <div
                className="item"
                onClick={[Function]}
              >
                You have found 6 birds!
                <br />
                Can you find them all?
              </div>
            </MenuItem>
            <InstructionsBtn>
              <Button
                as="button"
                className="iconInstructions"
                icon={true}
                size="big"
              >
                <Ref
                  innerRef={
                    Object {
                      "current": <button
                        class="ui big icon button iconInstructions"
                      >
                        <i
                          aria-hidden="true"
                          class="question circle outline icon"
                        />
                      </button>,
                    }
                  }
                >
                  <RefFindNode
                    innerRef={
                      Object {
                        "current": <button
                          class="ui big icon button iconInstructions"
                        >
                          <i
                            aria-hidden="true"
                            class="question circle outline icon"
                          />
                        </button>,
                      }
                    }
                  >
                    <button
                      className="ui big icon button iconInstructions"
                      onClick={[Function]}
                    >
                      <Icon
                        as="i"
                        name="question circle outline"
                      >
                        <i
                          aria-hidden="true"
                          className="question circle outline icon"
                          onClick={[Function]}
                        />
                      </Icon>
                    </button>
                  </RefFindNode>
                </Ref>
              </Button>
            </InstructionsBtn>
          </div>
        </Container>
      </div>
    </Menu>
  </MainFooter>
</Perching>
`;
